[www.kaleidoscope.glass/index.html]
[static.wixstatic.com/media/d36c59_fcd116d568964885b61db4d847c49ef7_mv2.png/v1/fill/w_192,h_192,lg_1,usm_0.66_1.00_0.01/d36c59_fcd116d568964885b61db4d847c49ef7_mv2.png]
[static.wixstatic.com/media/d36c59_fcd116d568964885b61db4d847c49ef7_mv2.png/v1/fill/w_32,h_32,lg_1,usm_0.66_1.00_0.01/d36c59_fcd116d568964885b61db4d847c49ef7_mv2.png]
[static.wixstatic.com/media/d36c59_fcd116d568964885b61db4d847c49ef7_mv2.png/v1/fill/w_180,h_180,lg_1,usm_0.66_1.00_0.01/d36c59_fcd116d568964885b61db4d847c49ef7_mv2.png]
[static.parastorage.com/unpkg/core-js-bundle@3.2.1/minified.js]
[static.parastorage.com/unpkg/focus-within-polyfill@5.0.9/dist/focus-within-polyfill.js]
[backblue.gif]
[fade.gif]
[index.html]
[polyfill-fastly.io/v3/polyfill.mind82c.js]
[www.kaleidoscope.glass/blog-feed.xml]
[static.wixstatic.com/media/d36c59_52f327cc02b04ccc942050077908c77f_mv2.png/v1/fill/w_96,h_72,al_c,q_85,usm_0.66_1.00_0.01,blur_2,enc_avif,quality_auto/d36c59_52f327cc02b04ccc942050077908c77f_mv2.png]
[www.kaleidoscope.glass/about.html]
[www.kaleidoscope.glass/blog.html]
[www.kaleidoscope.glass/contact.html]
[static.parastorage.com/services/wix-thunderbolt/dist/8875.d06b9c87.bundle.min.js]
[browser.sentry-cdn.com/6.18.2/bundle.min.js]
[www.kaleidoscope.glass/sitemap.xml]
[www.kaleidoscope.glass/feed.e.delayed]
[static.parastorage.com/services/wix-thunderbolt/dist/thunderbolt-commons.f7d0fdb6.bundle.min.js]
[static.parastorage.com/services/wix-thunderbolt/dist/main.29ab66d7.bundle.min.js]
[static.parastorage.com/services/wix-thunderbolt/dist/main.renderer.1d21f023.bundle.min.js]
[static.parastorage.com/unpkg/lodash@4.17.21/lodash.min.js]
[static.parastorage.com/unpkg/react@18.3.1/umd/react.production.min.js]
[static.parastorage.com/unpkg/react-dom@18.3.1/umd/react-dom.production.min.js]
[static.parastorage.com/services/wix-thunderbolt/dist/browser-deprecation.bundle.es5.js]
[www.kaleidoscope.glass/decodeURIComponent(e.16.delayed]
[www.kaleidoscope.glass/index.html]
[static.parastorage.com/services/tag-manager-client/1.920.0/siteTags.bundle.min.js]
[www.kaleidoscope.glass/i.18.delayed]
[www.kaleidoscope.glass/t.19.delayed]
[static.wixstatic.com/media/d36c59_4a8b57ed87344624be04d45f7b311f0f_mv2.png/v1/fill/w_96,h_72,al_c,q_85,usm_0.66_1.00_0.01,blur_2,enc_avif,quality_auto/d36c59_4a8b57ed87344624be04d45f7b311f0f_mv2.png]
[static.parastorage.com/services/wix-thunderbolt/dist/thunderbolt-commons.dd530291.bundle.min.js]
[www.kaleidoscope.glass/about.html]
[static.parastorage.com/services/wix-thunderbolt/dist/main.3fb0da1c.bundle.min.js]
[static.parastorage.com/services/communities-blog-ooi/1.2241.0/client-viewer/9143.chunk.min.js]
[static.parastorage.com/services/communities-blog-ooi/1.2241.0/client-viewer/2585.chunk.min.js]
[static.parastorage.com/services/communities-blog-ooi/1.2241.0/client-viewer/post-list-pro-gallery.chunk.min.js]
[static.wixstatic.com/media/d36c59_0309096d1cc845d2a095fed41763931d_mv2.png/v1/fill/w_96,h_72,al_c,q_85,usm_0.66_1.00_0.01,blur_2,enc_avif,quality_auto/d36c59_0309096d1cc845d2a095fed41763931d_mv2.png]
[www.kaleidoscope.glass/members-area/chase/profile.html]
[www.kaleidoscope.glass/post/what-is-a-loom.html]
[www.kaleidoscope.glass/blog.html]
[static.parastorage.com/services/communities-blog-ooi/1.2241.0/BlogViewerWidgetNoCss.bundle.min.js]
[static.wixstatic.com/media/d36c59_5d5098edac604f2fac8ce41f44bd9bd2_mv2.png/v1/fill/w_96,h_72,al_c,q_85,usm_0.66_1.00_0.01,blur_2,enc_avif,quality_auto/d36c59_5d5098edac604f2fac8ce41f44bd9bd2_mv2.png]
[www.kaleidoscope.glass/contact.html]
[www.kaleidoscope.glass/feed.html]
[www.kaleidoscope.glass/decodeURIComponent(e.html]
[www.kaleidoscope.glass/i.html]
[www.kaleidoscope.glass/t.html]
[www.kaleidoscope.glass/members-area/chase/i.html]
[www.kaleidoscope.glass/members-area/chase/t.html]
[static.parastorage.com/services/profile-card-tpa-ooi/1.2565.0/client-viewer/DesktopRootWidget.chunk.min.js]
[static.parastorage.com/services/profile-card-tpa-ooi/1.2565.0/client-viewer/320.chunk.min.js]
[static.parastorage.com/services/profile-card-tpa-ooi/1.2565.0/client-viewer/89.chunk.min.js]
[static.parastorage.com/services/profile-card-tpa-ooi/1.2565.0/client-viewer/DesktopResponsiveRootWidget.chunk.min.js]
[static.parastorage.com/services/members-about-ooi/1.2321.0/client-viewer/8837.chunk.min.js]
[static.parastorage.com/services/members-about-ooi/1.2321.0/client-viewer/RootWidget.chunk.min.js]
[static.wixstatic.com/media/c837a6_5db2374ccca045c387a1d9c9b3de7677_mv2.jpg/v1/fill/w_288,h_174,al_c,q_80,usm_0.66_1.00_0.01,blur_2,enc_avif,quality_auto/c837a6_5db2374ccca045c387a1d9c9b3de7677_mv2.jpg]
[www.kaleidoscope.glass/members-area/chase/events.html]
[static.wixstatic.com/media/377e01_c00cb1cd06764dd3ac15a5ee9b8c3ce3_mv2.png/v1/fill/w_403,h_265,al_c,lg_1,q_90,enc_auto/377e01_c00cb1cd06764dd3ac15a5ee9b8c3ce3_mv2.png]
[www.kaleidoscope.glass/members-area/chase/robots.html]
[www.kaleidoscope.glass/members-area/chase/sitemap.31.delayed]
[www.kaleidoscope.glass/members-area/chase/feed.32.delayed]
[www.kaleidoscope.glass/members-area/chase/profile.html]
[www.kaleidoscope.glass/members-area/chase/decodeURIComponent(e.html]
[static.parastorage.com/services/communities-blog-ooi/1.2241.0/client-viewer/1903.chunk.min.js]
[static.parastorage.com/services/communities-blog-ooi/1.2241.0/client-viewer/7663.chunk.min.js]
[static.parastorage.com/services/communities-blog-ooi/1.2241.0/client-viewer/9551.chunk.min.js]
[static.parastorage.com/services/communities-blog-ooi/1.2241.0/client-viewer/4608.chunk.min.js]
[static.parastorage.com/services/communities-blog-ooi/1.2241.0/client-viewer/1460.chunk.min.js]
[static.parastorage.com/services/communities-blog-ooi/1.2241.0/client-viewer/9079.chunk.min.js]
[static.parastorage.com/services/communities-blog-ooi/1.2241.0/client-viewer/5760.chunk.min.js]
[static.parastorage.com/services/communities-blog-ooi/1.2241.0/client-viewer/rich-content-viewer.chunk.min.js]
[static.parastorage.com/services/communities-blog-ooi/1.2241.0/client-viewer/8132.chunk.min.js]
[static.parastorage.com/services/communities-blog-ooi/1.2241.0/client-viewer/ricos_plugin_image.chunk.min.js]
[static.parastorage.com/services/communities-blog-ooi/1.2241.0/client-viewer/ricos_plugin_image_caption.chunk.min.js]
[static.parastorage.com/services/communities-blog-ooi/1.2241.0/client-viewer/ricos_plugin_divider.chunk.min.js]
[static.wixstatic.com/media/d36c59_2c6fea2f483245b69ee1177693347079_mv2.png/v1/fill/w_96,h_72,al_c,q_85,usm_0.66_1.00_0.01,blur_2,enc_avif,quality_auto/d36c59_2c6fea2f483245b69ee1177693347079_mv2.png]
[static.wixstatic.com/media/377e01_c07b541ee27a4145a7d0397e8842faf2_mv2.png/v1/fill/w_49,h_24,al_c,q_85,usm_0.66_1.00_0.01,blur_2,enc_auto/377e01_c07b541ee27a4145a7d0397e8842faf2_mv2.png]
[www.kaleidoscope.glass/post/robots.42.delayed]
[www.kaleidoscope.glass/post/sitemap.43.delayed]
[www.kaleidoscope.glass/post/feed.44.delayed]
[static.parastorage.com/services/communities-blog-ooi/1.2241.0/PostViewerWidgetNoCss.bundle.min.js]
[www.kaleidoscope.glass/post/decodeURIComponent(e.46.delayed]
[www.kaleidoscope.glass/post/what-is-a-loom.html]
[www.kaleidoscope.glass/members-area/chase/i.html]
[www.kaleidoscope.glass/members-area/chase/t.html]
[www.kaleidoscope.glass/members-area/chase/events.html]
[www.kaleidoscope.glass/members-area/chase/robots.html]
[www.kaleidoscope.glass/members-area/chase/sitemap.html]
[www.kaleidoscope.glass/members-area/chase/feed.html]
[www.kaleidoscope.glass/members-area/chase/decodeURIComponent(e.html]
[www.kaleidoscope.glass/post/robots.html]
[www.kaleidoscope.glass/post/sitemap.html]
[www.kaleidoscope.glass/post/feed.html]
[www.kaleidoscope.glass/post/decodeURIComponent(e.html]
[www.kaleidoscope.glass/kaleidoscope-research.html]
[www.kaleidoscope.glass/kaleidoscope-research.html]
